Component: ARM Compiler 5.06 update 3 (build 300) Tool: armlink [4d35c9]

==============================================================================

Section Cross References

    main.o(.text) refers to delay.o(.text) for delay_ms
    main.o(.text) refers to bsp.o(.text) for BSP_Init
    main.o(.text) refers to controltask.o(.text) for remote_data_process_task
    main.o(.text) refers to f2d.o(.text) for __aeabi_f2d
    main.o(.text) refers to printfa.o(i.__0printf) for __2printf
    main.o(.text) refers to main.o(.data) for time_count
    main.o(.text) refers to controltask.o(.data) for Robot_Yaw_Angel
    bsp.o(.text) refers to misc.o(.text) for NVIC_PriorityGroupConfig
    bsp.o(.text) refers to led.o(.text) for Led_Configuration
    bsp.o(.text) refers to usart1.o(.text) for Adc_Init
    bsp.o(.text) refers to can1.o(.text) for CAN1_Configuration
    bsp.o(.text) refers to can2.o(.text) for CAN2_Configuration
    bsp.o(.text) refers to usart3.o(.text) for USART3_Configuration
    bsp.o(.text) refers to timer.o(.text) for TIM6_Configuration
    led.o(.text) refers to stm32f4xx_rcc.o(.text) for RCC_AHB1PeriphClockCmd
    led.o(.text) refers to stm32f4xx_gpio.o(.text) for GPIO_Init
    gun.o(.text) refers to stm32f4xx_rcc.o(.text) for RCC_AHB1PeriphClockCmd
    gun.o(.text) refers to stm32f4xx_gpio.o(.text) for GPIO_Init
    gun.o(.text) refers to stm32f4xx_tim.o(.text) for TIM_TimeBaseInit
    gun.o(.text) refers to system_stm32f4xx.o(.data) for SystemCoreClock
    can1.o(.text) refers to stm32f4xx_rcc.o(.text) for RCC_AHB1PeriphClockCmd
    can1.o(.text) refers to stm32f4xx_gpio.o(.text) for GPIO_PinAFConfig
    can1.o(.text) refers to misc.o(.text) for NVIC_Init
    can1.o(.text) refers to stm32f4xx_can.o(.text) for CAN_DeInit
    can1.o(.text) refers to can1bustask.o(.text) for Can1ReceiveMsgProcess
    can1.o(.text) refers to can1bustask.o(.data) for can1_tx_success_flag
    can2.o(.text) refers to stm32f4xx_rcc.o(.text) for RCC_AHB1PeriphClockCmd
    can2.o(.text) refers to stm32f4xx_gpio.o(.text) for GPIO_PinAFConfig
    can2.o(.text) refers to misc.o(.text) for NVIC_Init
    can2.o(.text) refers to stm32f4xx_can.o(.text) for CAN_DeInit
    can2.o(.text) refers to can2bustask.o(.text) for Can2ReceiveMsgProcess
    can2.o(.text) refers to can2bustask.o(.data) for can2_tx_success_flag
    exti.o(.text) refers to stm32f4xx_rcc.o(.text) for RCC_APB2PeriphClockCmd
    exti.o(.text) refers to stm32f4xx_gpio.o(.text) for GPIO_Init
    exti.o(.text) refers to stm32f4xx_syscfg.o(.text) for SYSCFG_EXTILineConfig
    exti.o(.text) refers to stm32f4xx_exti.o(.text) for EXTI_Init
    exti.o(.text) refers to misc.o(.text) for NVIC_Init
    laser.o(.text) refers to stm32f4xx_usart.o(.text) for USART_SendData
    laser.o(.text) refers to stm32f4xx_gpio.o(.text) for GPIO_ResetBits
    laser.o(.text) refers to laser.o(.data) for auchCRCHi
    laser.o(.text) refers to laser.o(.bss) for send_data
    laser.o(.text) refers to controltask.o(.bss) for wire_data
    timer.o(.text) refers to stm32f4xx_rcc.o(.text) for RCC_APB2PeriphClockCmd
    timer.o(.text) refers to stm32f4xx_tim.o(.text) for TIM_ARRPreloadConfig
    timer.o(.text) refers to misc.o(.text) for NVIC_Init
    timer.o(.text) refers to controltask.o(.text) for Control_Task
    usart1.o(.text) refers to stm32f4xx_rcc.o(.text) for RCC_AHB1PeriphClockCmd
    usart1.o(.text) refers to stm32f4xx_gpio.o(.text) for GPIO_Init
    usart1.o(.text) refers to stm32f4xx_adc.o(.text) for ADC_CommonInit
    usart1.o(.text) refers to delay.o(.text) for delay_ms
    usart1.o(.text) refers to f2d.o(.text) for __aeabi_f2d
    usart1.o(.text) refers to dmul.o(.text) for __aeabi_dmul
    usart1.o(.text) refers to ddiv.o(.text) for __aeabi_ddiv
    usart1.o(.text) refers to d2f.o(.text) for __aeabi_d2f
    usart1.o(.text) refers to controltask.o(.data) for forward_leg_angle
    usart1.o(.text) refers to usart1.o(.data) for forward_leg_count
    usart1.o(.text) refers to usart1.o(.bss) for forward_leg_angle_buf
    usart3.o(.text) refers to stm32f4xx_usart.o(.text) for USART_GetFlagStatus
    usart3.o(.text) refers to dflti.o(.text) for __aeabi_i2d
    usart3.o(.text) refers to dmul.o(.text) for __aeabi_dmul
    usart3.o(.text) refers to ddiv.o(.text) for __aeabi_ddiv
    usart3.o(.text) refers to d2f.o(.text) for __aeabi_d2f
    usart3.o(.text) refers to f2d.o(.text) for __aeabi_f2d
    usart3.o(.text) refers to dadd.o(.text) for __aeabi_dsub
    usart3.o(.text) refers to usart3.o(.data) for state
    usart3.o(.text) refers to usart3.o(.bss) for RxBuffer
    usart3.o(.text) refers to controltask.o(.data) for imu_data_flag
    usart3.o(.text) refers to controltask.o(.bss) for wire_data
    usart3.o(.text) refers to main.o(.data) for system_time
    usart3.o(.text) refers to stm32f4xx_rcc.o(.text) for RCC_APB2PeriphClockCmd
    usart3.o(.text) refers to misc.o(.text) for NVIC_Init
    usart3.o(.text) refers to stm32f4xx_gpio.o(.text) for GPIO_PinAFConfig
[...]
    _printf_llu                              0x00000000   Number         0  stubs.o ABSOLUTE
    _printf_llx                              0x00000000   Number         0  stubs.o ABSOLUTE
    _printf_longlong_dec                     0x00000000   Number         0  stubs.o ABSOLUTE
    _printf_longlong_hex                     0x00000000   Number         0  stubs.o ABSOLUTE
    _printf_longlong_oct                     0x00000000   Number         0  stubs.o ABSOLUTE
    _printf_ls                               0x00000000   Number         0  stubs.o ABSOLUTE
    _printf_mbtowc                           0x00000000   Number         0  stubs.o ABSOLUTE
    _printf_n                                0x00000000   Number         0  stubs.o ABSOLUTE
    _printf_o                                0x00000000   Number         0  stubs.o ABSOLUTE
    _printf_p                                0x00000000   Number         0  stubs.o ABSOLUTE
    _printf_percent                          0x00000000   Number         0  stubs.o ABSOLUTE
    _printf_pre_padding                      0x00000000   Number         0  stubs.o ABSOLUTE
    _printf_return_value                     0x00000000   Number         0  stubs.o ABSOLUTE
    _printf_s                                0x00000000   Number         0  stubs.o ABSOLUTE
    _printf_sizespec                         0x00000000   Number         0  stubs.o ABSOLUTE
    _printf_str                              0x00000000   Number         0  stubs.o ABSOLUTE
    _printf_truncate_signed                  0x00000000   Number         0  stubs.o ABSOLUTE
    _printf_truncate_unsigned                0x00000000   Number         0  stubs.o ABSOLUTE
    _printf_u                                0x00000000   Number         0  stubs.o ABSOLUTE
    _printf_wc                               0x00000000   Number         0  stubs.o ABSOLUTE
    _printf_wctomb                           0x00000000   Number         0  stubs.o ABSOLUTE
    _printf_widthprec                        0x00000000   Number         0  stubs.o ABSOLUTE
    _printf_x                                0x00000000   Number         0  stubs.o ABSOLUTE
    __cpp_initialize__aeabi_                  - Undefined Weak Reference
    __cxa_finalize                            - Undefined Weak Reference
    _clock_init                               - Undefined Weak Reference
    _microlib_exit                            - Undefined Weak Reference
    __Vectors_Size                           0x00000188   Number         0  startup_stm32f4xx.o ABSOLUTE
    __Vectors                                0x08000000   Data           4  startup_stm32f4xx.o(RESET)
    __Vectors_End                            0x08000188   Data           0  startup_stm32f4xx.o(RESET)
    __main                                   0x08000189   Thumb Code     0  entry.o(.ARM.Collect$$$$00000000)
    _main_stk                                0x08000189   Thumb Code     0  entry2.o(.ARM.Collect$$$$00000001)
    _main_scatterload                        0x0800018d   Thumb Code     0  entry5.o(.ARM.Collect$$$$00000004)
    __main_after_scatterload                 0x08000191   Thumb Code     0  entry5.o(.ARM.Collect$$$$00000004)
    _main_clock                              0x08000191   Thumb Code     0  entry7b.o(.ARM.Collect$$$$00000008)
    _main_cpp_init                           0x08000191   Thumb Code     0  entry8b.o(.ARM.Collect$$$$0000000A)
    _main_init                               0x08000191   Thumb Code     0  entry9a.o(.ARM.Collect$$$$0000000B)
    __rt_final_cpp                           0x08000199   Thumb Code     0  entry10a.o(.ARM.Collect$$$$0000000D)
    __rt_final_exit                          0x08000199   Thumb Code     0  entry11a.o(.ARM.Collect$$$$0000000F)
    main                                     0x0800019d   Thumb Code    74  main.o(.text)
    send_data_pc                             0x080001e7   Thumb Code    70  main.o(.text)
    BSP_Init                                 0x08000271   Thumb Code    40  bsp.o(.text)
    Led_Configuration                        0x08000299   Thumb Code    44  led.o(.text)
    CAN1_Configuration                       0x080002c9   Thumb Code   264  can1.o(.text)
    CAN1_TX_IRQHandler                       0x080003d1   Thumb Code    28  can1.o(.text)
    CAN1_RX0_IRQHandler                      0x080003ed   Thumb Code    50  can1.o(.text)
    CAN2_Configuration                       0x08000431   Thumb Code   282  can2.o(.text)
    CAN2_TX_IRQHandler                       0x0800054b   Thumb Code    28  can2.o(.text)
    CAN2_RX0_IRQHandler                      0x08000567   Thumb Code    42  can2.o(.text)
    delay_ms                                 0x0800059d   Thumb Code    28  delay.o(.text)
    delay_us                                 0x080005b9   Thumb Code    26  delay.o(.text)
    Delay_ms                                 0x080005d3   Thumb Code    28  delay.o(.text)
    Delay_us                                 0x080005ef   Thumb Code    26  delay.o(.text)
    Exti_Configuration                       0x08000609   Thumb Code   216  exti.o(.text)
    EXTI0_IRQHandler                         0x080006e1   Thumb Code    18  exti.o(.text)
    EXTI1_IRQHandler                         0x080006f3   Thumb Code    18  exti.o(.text)
    TIM8_Configuration                       0x0800070d   Thumb Code    84  timer.o(.text)
    TIM6_Configuration                       0x08000761   Thumb Code    70  timer.o(.text)
    TIM6_Start                               0x080007a7   Thumb Code    30  timer.o(.text)
    TIM4_Configuration                       0x080007c5   Thumb Code    84  timer.o(.text)
    TIM2_Configuration                       0x08000819   Thumb Code    60  timer.o(.text)
    TIM2_IRQHandler                          0x08000855   Thumb Code    30  timer.o(.text)
    TIM6_DAC_IRQHandler                      0x08000873   Thumb Code    34  timer.o(.text)
    Get_Time_Micros                          0x08000895   Thumb Code     8  timer.o(.text)
    Adc_Init                                 0x080008a9   Thumb Code   124  usart1.o(.text)
    Get_Adc                                  0x08000925   Thumb Code    44  usart1.o(.text)
    Get_Adc_Average                          0x08000951   Thumb Code    46  usart1.o(.text)
    get_leg_angle                            0x0800097f   Thumb Code   470  usart1.o(.text)
    fputc                                    0x08000ba5   Thumb Code    32  usart3.o(.text)
    USARTx_PutChar                           0x08000bc5   Thumb Code    30  usart3.o(.text)
    IMU_data_receive_prepare                 0x08000be3   Thumb Code  1478  usart3.o(.text)
    remote_data_receive_prepare              0x080011a9   Thumb Code   266  usart3.o(.text)
    siyi_remote_data_process                 0x080012b3   Thumb Code   252  usart3.o(.text)
    siyi_remote_data_receive_prepare         0x080013af   Thumb Code    82  usart3.o(.text)
    Pad_App_Data_process                     0x08001401   Thumb Code   210  usart3.o(.text)
    Control_Platform_Data_process            0x080014d3   Thumb Code    98  usart3.o(.text)
    ROS_Control_Data_Prepare                 0x08001535   Thumb Code   146  usart3.o(.text)
    USART3_Configuration                     0x080015c7   Thumb Code  1256  usart3.o(.text)
    USART1_IRQHandler                        0x08001aaf   Thumb Code    40  usart3.o(.text)
    USART2_IRQHandler                        0x08001ad7   Thumb Code    42  usart3.o(.text)
    USART3_IRQHandler                        0x08001b01   Thumb Code    26  usart3.o(.text)
    UART4_IRQHandler                         0x08001b1b   Thumb Code    40  usart3.o(.text)
    UART5_IRQHandler                         0x08001b43   Thumb Code    34  usart3.o(.text)
    USART6_IRQHandler                        0x08001b65   Thumb Code    26  usart3.o(.text)
    Reset_Handler                            0x08001ba5   Thumb Code     8  startup_stm32f4xx.o(.text)
    SysTick_Handler                          0x08001bbd   Thumb Code     2  startup_stm32f4xx.o(.text)
    ADC_IRQHandler                           0x08001bbf   Thumb Code     0  startup_stm32f4xx.o(.text)
    CAN1_RX1_IRQHandler                      0x08001bbf   Thumb Code     0  startup_stm32f4xx.o(.text)
    CAN1_SCE_IRQHandler                      0x08001bbf   Thumb Code     0  startup_stm32f4xx.o(.text)
    CAN2_RX1_IRQHandler                      0x08001bbf   Thumb Code     0  startup_stm32f4xx.o(.text)
    CAN2_SCE_IRQHandler                      0x08001bbf   Thumb Code     0  startup_stm32f4xx.o(.text)
    CRYP_IRQHandler                          0x08001bbf   Thumb Code     0  startup_stm32f4xx.o(.text)
    DCMI_IRQHandler                          0x08001bbf   Thumb Code     0  startup_stm32f4xx.o(.text)
    DMA1_Stream0_IRQHandler                  0x08001bbf   Thumb Code     0  startup_stm32f4xx.o(.text)
    DMA1_Stream1_IRQHandler                  0x08001bbf   Thumb Code     0  startup_stm32f4xx.o(.text)
    DMA1_Stream2_IRQHandler                  0x08001bbf   Thumb Code     0  startup_stm32f4xx.o(.text)
    DMA1_Stream3_IRQHandler                  0x08001bbf   Thumb Code     0  startup_stm32f4xx.o(.text)
    DMA1_Stream4_IRQHandler                  0x08001bbf   Thumb Code     0  startup_stm32f4xx.o(.text)
    DMA1_Stream5_IRQHandler                  0x08001bbf   Thumb Code     0  startup_stm32f4xx.o(.text)
    DMA1_Stream6_IRQHandler                  0x08001bbf   Thumb Code     0  startup_stm32f4xx.o(.text)
    DMA1_Stream7_IRQHandler                  0x08001bbf   Thumb Code     0  startup_stm32f4xx.o(.text)
    DMA2_Stream0_IRQHandler                  0x08001bbf   Thumb Code     0  startup_stm32f4xx.o(.text)
    DMA2_Stream1_IRQHandler                  0x08001bbf   Thumb Code     0  startup_stm32f4xx.o(.text)
    DMA2_Stream2_IRQHandler                  0x08001bbf   Thumb Code     0  startup_stm32f4xx.o(.text)
    DMA2_Stream3_IRQHandler                  0x08001bbf   Thumb Code     0  startup_stm32f4xx.o(.text)
    DMA2_Stream4_IRQHandler                  0x08001bbf   Thumb Code     0  startup_stm32f4xx.o(.text)
    DMA2_Stream5_IRQHandler                  0x08001bbf   Thumb Code     0  startup_stm32f4xx.o(.text)
    DMA2_Stream6_IRQHandler                  0x08001bbf   Thumb Code     0  startup_stm32f4xx.o(.text)
    DMA2_Stream7_IRQHandler                  0x08001bbf   Thumb Code     0  startup_stm32f4xx.o(.text)
    ETH_IRQHandler                           0x08001bbf   Thumb Code     0  startup_stm32f4xx.o(.text)
    ETH_WKUP_IRQHandler                      0x08001bbf   Thumb Code     0  startup_stm32f4xx.o(.text)
    EXTI15_10_IRQHandler                     0x08001bbf   Thumb Code     0  startup_stm32f4xx.o(.text)
    EXTI2_IRQHandler                         0x08001bbf   Thumb Code     0  startup_stm32f4xx.o(.text)
    EXTI3_IRQHandler                         0x08001bbf   Thumb Code     0  startup_stm32f4xx.o(.text)
    EXTI9_5_IRQHandler                       0x08001bbf   Thumb Code     0  startup_stm32f4xx.o(.text)
    FLASH_IRQHandler                         0x08001bbf   Thumb Code     0  startup_stm32f4xx.o(.text)
    FPU_IRQHandler                           0x08001bbf   Thumb Code     0  startup_stm32f4xx.o(.text)
    FSMC_IRQHandler                          0x08001bbf   Thumb Code     0  startup_stm32f4xx.o(.text)
    HASH_RNG_IRQHandler                      0x08001bbf   Thumb Code     0  startup_stm32f4xx.o(.text)
    I2C1_ER_IRQHandler                       0x08001bbf   Thumb Code     0  startup_stm32f4xx.o(.text)
    I2C1_EV_IRQHandler                       0x08001bbf   Thumb Code     0  startup_stm32f4xx.o(.text)
    I2C2_ER_IRQHandler                       0x08001bbf   Thumb Code     0  startup_stm32f4xx.o(.text)
    I2C2_EV_IRQHandler                       0x08001bbf   Thumb Code     0  startup_stm32f4xx.o(.text)
    I2C3_ER_IRQHandler                       0x08001bbf   Thumb Code     0  startup_stm32f4xx.o(.text)
    I2C3_EV_IRQHandler                       0x08001bbf   Thumb Code     0  startup_stm32f4xx.o(.text)
    OTG_FS_IRQHandler                        0x08001bbf   Thumb Code     0  startup_stm32f4xx.o(.text)
    OTG_FS_WKUP_IRQHandler                   0x08001bbf   Thumb Code     0  startup_stm32f4xx.o(.text)
    OTG_HS_EP1_IN_IRQHandler                 0x08001bbf   Thumb Code     0  startup_stm32f4xx.o(.text)
    OTG_HS_EP1_OUT_IRQHandler                0x08001bbf   Thumb Code     0  startup_stm32f4xx.o(.text)
    OTG_HS_IRQHandler                        0x08001bbf   Thumb Code     0  startup_stm32f4xx.o(.text)
    OTG_HS_WKUP_IRQHandler                   0x08001bbf   Thumb Code     0  startup_stm32f4xx.o(.text)
    PVD_IRQHandler                           0x08001bbf   Thumb Code     0  startup_stm32f4xx.o(.text)
    RCC_IRQHandler                           0x08001bbf   Thumb Code     0  startup_stm32f4xx.o(.text)
    RTC_Alarm_IRQHandler                     0x08001bbf   Thumb Code     0  startup_stm32f4xx.o(.text)
    RTC_WKUP_IRQHandler                      0x08001bbf   Thumb Code     0  startup_stm32f4xx.o(.text)
    SDIO_IRQHandler                          0x08001bbf   Thumb Code     0  startup_stm32f4xx.o(.text)
    SPI1_IRQHandler                          0x08001bbf   Thumb Code     0  startup_stm32f4xx.o(.text)
    SPI2_IRQHandler                          0x08001bbf   Thumb Code     0  startup_stm32f4xx.o(.text)
    SPI3_IRQHandler                          0x08001bbf   Thumb Code     0  startup_stm32f4xx.o(.text)
    TAMP_STAMP_IRQHandler                    0x08001bbf   Thumb Code     0  startup_stm32f4xx.o(.text)
    TIM1_BRK_TIM9_IRQHandler                 0x08001bbf   Thumb Code     0  startup_stm32f4xx.o(.text)
    TIM1_CC_IRQHandler                       0x08001bbf   Thumb Code     0  startup_stm32f4xx.o(.text)
    TIM1_TRG_COM_TIM11_IRQHandler            0x08001bbf   Thumb Code     0  startup_stm32f4xx.o(.text)
    TIM1_UP_TIM10_IRQHandler                 0x08001bbf   Thumb Code     0  startup_stm32f4xx.o(.text)
    TIM3_IRQHandler                          0x08001bbf   Thumb Code     0  startup_stm32f4xx.o(.text)
    TIM4_IRQHandler                          0x08001bbf   Thumb Code     0  startup_stm32f4xx.o(.text)
    TIM5_IRQHandler                          0x08001bbf   Thumb Code     0  startup_stm32f4xx.o(.text)
    TIM7_IRQHandler                          0x08001bbf   Thumb Code     0  startup_stm32f4xx.o(.text)
    TIM8_BRK_TIM12_IRQHandler                0x08001bbf   Thumb Code     0  startup_stm32f4xx.o(.text)
    TIM8_CC_IRQHandler                       0x08001bbf   Thumb Code     0  startup_stm32f4xx.o(.text)
    TIM8_TRG_COM_TIM14_IRQHandler            0x08001bbf   Thumb Code     0  startup_stm32f4xx.o(.text)
    TIM8_UP_TIM13_IRQHandler                 0x08001bbf   Thumb Code     0  startup_stm32f4xx.o(.text)
    WWDG_IRQHandler                          0x08001bbf   Thumb Code     0  startup_stm32f4xx.o(.text)
    NMI_Handler                              0x08001bc9   Thumb Code     2  stm32f4xx_it.o(.text)
    HardFault_Handler                        0x08001bcb   Thumb Code     4  stm32f4xx_it.o(.text)
    MemManage_Handler                        0x08001bcf   Thumb Code     4  stm32f4xx_it.o(.text)
    BusFault_Handler                         0x08001bd3   Thumb Code     4  stm32f4xx_it.o(.text)
    UsageFault_Handler                       0x08001bd7   Thumb Code     4  stm32f4xx_it.o(.text)
    SVC_Handler                              0x08001bdb   Thumb Code     2  stm32f4xx_it.o(.text)
    DebugMon_Handler                         0x08001bdd   Thumb Code     2  stm32f4xx_it.o(.text)
    PendSV_Handler                           0x08001bdf   Thumb Code     2  stm32f4xx_it.o(.text)
    NVIC_PriorityGroupConfig                 0x08001be1   Thumb Code    10  misc.o(.text)
    NVIC_Init                                0x08001beb   Thumb Code   106  misc.o(.text)
    NVIC_SetVectorTable                      0x08001c55   Thumb Code    14  misc.o(.text)
    NVIC_SystemLPConfig                      0x08001c63   Thumb Code    34  misc.o(.text)
    SysTick_CLKSourceConfig                  0x08001c85   Thumb Code    40  misc.o(.text)
    ADC_DeInit                               0x08001cc1   Thumb Code    22  stm32f4xx_adc.o(.text)
    ADC_Init                                 0x08001cd7   Thumb Code    74  stm32f4xx_adc.o(.text)
    ADC_StructInit                           0x08001d21   Thumb Code    20  stm32f4xx_adc.o(.text)
    ADC_CommonInit                           0x08001d35   Thumb Code    34  stm32f4xx_adc.o(.text)
    ADC_CommonStructInit                     0x08001d57   Thumb Code    12  stm32f4xx_adc.o(.text)
    ADC_Cmd                                  0x08001d63   Thumb Code    22  stm32f4xx_adc.o(.text)
    ADC_AnalogWatchdogCmd                    0x08001d79   Thumb Code    16  stm32f4xx_adc.o(.text)
    ADC_AnalogWatchdogThresholdsConfig       0x08001d89   Thumb Code     6  stm32f4xx_adc.o(.text)
    ADC_AnalogWatchdogSingleChannelConfig    0x08001d8f   Thumb Code    16  stm32f4xx_adc.o(.text)
    ADC_TempSensorVrefintCmd                 0x08001d9f   Thumb Code    34  stm32f4xx_adc.o(.text)
    ADC_VBATCmd                              0x08001dc1   Thumb Code    34  stm32f4xx_adc.o(.text)
    ADC_RegularChannelConfig                 0x08001de3   Thumb Code   184  stm32f4xx_adc.o(.text)
    ADC_SoftwareStartConv                    0x08001e9b   Thumb Code    10  stm32f4xx_adc.o(.text)
    ADC_GetSoftwareStartConvStatus           0x08001ea5   Thumb Code    20  stm32f4xx_adc.o(.text)
    ADC_EOCOnEachRegularChannelCmd           0x08001eb9   Thumb Code    22  stm32f4xx_adc.o(.text)
    ADC_ContinuousModeCmd                    0x08001ecf   Thumb Code    22  stm32f4xx_adc.o(.text)
    ADC_DiscModeChannelCountConfig           0x08001ee5   Thumb Code    24  stm32f4xx_adc.o(.text)
    ADC_DiscModeCmd                          0x08001efd   Thumb Code    22  stm32f4xx_adc.o(.text)
    ADC_GetConversionValue                   0x08001f13   Thumb Code     8  stm32f4xx_adc.o(.text)
    ADC_GetMultiModeConversionValue          0x08001f1b   Thumb Code     8  stm32f4xx_adc.o(.text)
    ADC_DMACmd                               0x08001f23   Thumb Code    22  stm32f4xx_adc.o(.text)
    ADC_DMARequestAfterLastTransferCmd       0x08001f39   Thumb Code    22  stm32f4xx_adc.o(.text)
    ADC_MultiModeDMARequestAfterLastTransferCmd 0x08001f4f   Thumb Code    34  stm32f4xx_adc.o(.text)
    ADC_InjectedChannelConfig                0x08001f71   Thumb Code   130  stm32f4xx_adc.o(.text)
    ADC_InjectedSequencerLengthConfig        0x08001ff3   Thumb Code    24  stm32f4xx_adc.o(.text)
    ADC_SetInjectedOffset                    0x0800200b   Thumb Code    20  stm32f4xx_adc.o(.text)
    ADC_ExternalTrigInjectedConvConfig       0x0800201f   Thumb Code    16  stm32f4xx_adc.o(.text)
    ADC_ExternalTrigInjectedConvEdgeConfig   0x0800202f   Thumb Code    16  stm32f4xx_adc.o(.text)
    ADC_SoftwareStartInjectedConv            0x0800203f   Thumb Code    10  stm32f4xx_adc.o(.text)
    ADC_GetSoftwareStartInjectedConvCmdStatus 0x08002049   Thumb Code    20  stm32f4xx_adc.o(.text)
    ADC_AutoInjectedConvCmd                  0x0800205d   Thumb Code    22  stm32f4xx_adc.o(.text)
    ADC_InjectedDiscModeCmd                  0x08002073   Thumb Code    22  stm32f4xx_adc.o(.text)
    ADC_GetInjectedConversionValue           0x08002089   Thumb Code    28  stm32f4xx_adc.o(.text)
    ADC_ITConfig                             0x080020a5   Thumb Code    56  stm32f4xx_adc.o(.text)
    ADC_GetFlagStatus                        0x080020dd   Thumb Code    18  stm32f4xx_adc.o(.text)
    ADC_ClearFlag                            0x080020ef   Thumb Code     6  stm32f4xx_adc.o(.text)
    ADC_GetITStatus                          0x080020f5   Thumb Code    38  stm32f4xx_adc.o(.text)
    ADC_ClearITPendingBit                    0x0800211b   Thumb Code    10  stm32f4xx_adc.o(.text)
    CAN_DeInit                               0x08002125   Thumb Code    50  stm32f4xx_can.o(.text)
    CAN_Init                                 0x08002157   Thumb Code   276  stm32f4xx_can.o(.text)
    CAN_FilterInit                           0x0800226b   Thumb Code   258  stm32f4xx_can.o(.text)
    CAN_StructInit                           0x0800236d   Thumb Code    32  stm32f4xx_can.o(.text)
    CAN_SlaveStartBank                       0x0800238d   Thumb Code    48  stm32f4xx_can.o(.text)
    CAN_DBGFreeze                            0x080023bd   Thumb Code    22  stm32f4xx_can.o(.text)
    CAN_TTComModeCmd                         0x080023d3   Thumb Code   118  stm32f4xx_can.o(.text)
    CAN_Transmit                             0x08002449   Thumb Code   304  stm32f4xx_can.o(.text)
    CAN_TransmitStatus                       0x08002579   Thumb Code   138  stm32f4xx_can.o(.text)
    CAN_CancelTransmit                       0x08002603   Thumb Code    48  stm32f4xx_can.o(.text)
    CAN_Receive                              0x08002633   Thumb Code   240  stm32f4xx_can.o(.text)
    CAN_FIFORelease                          0x08002723   Thumb Code    22  stm32f4xx_can.o(.text)
    CAN_MessagePending                       0x08002739   Thumb Code    30  stm32f4xx_can.o(.text)
    CAN_OperatingModeRequest                 0x08002757   Thumb Code   162  stm32f4xx_can.o(.text)
    CAN_Sleep                                0x080027f9   Thumb Code    30  stm32f4xx_can.o(.text)
    CAN_WakeUp                               0x08002817   Thumb Code    48  stm32f4xx_can.o(.text)
    CAN_GetLastErrorCode                     0x08002847   Thumb Code    12  stm32f4xx_can.o(.text)
    CAN_GetReceiveErrorCounter               0x08002853   Thumb Code    10  stm32f4xx_can.o(.text)
    CAN_GetLSBTransmitErrorCounter           0x0800285d   Thumb Code    12  stm32f4xx_can.o(.text)
    CAN_ITConfig                             0x08002869   Thumb Code    18  stm32f4xx_can.o(.text)
    CAN_GetFlagStatus                        0x0800287b   Thumb Code   120  stm32f4xx_can.o(.text)
    CAN_ClearFlag                            0x080028f3   Thumb Code    52  stm32f4xx_can.o(.text)
    CAN_GetITStatus                          0x08002939   Thumb Code   310  stm32f4xx_can.o(.text)
    CAN_ClearITPendingBit                    0x08002a6f   Thumb Code   162  stm32f4xx_can.o(.text)
    EXTI_DeInit                              0x08002b15   Thumb Code    28  stm32f4xx_exti.o(.text)
    EXTI_Init                                0x08002b31   Thumb Code   142  stm32f4xx_exti.o(.text)
    EXTI_StructInit                          0x08002bbf   Thumb Code    16  stm32f4xx_exti.o(.text)
    EXTI_GenerateSWInterrupt                 0x08002bcf   Thumb Code    16  stm32f4xx_exti.o(.text)
    EXTI_GetFlagStatus                       0x08002bdf   Thumb Code    22  stm32f4xx_exti.o(.text)
    EXTI_ClearFlag                           0x08002bf5   Thumb Code     8  stm32f4xx_exti.o(.text)
    EXTI_GetITStatus                         0x08002bfd   Thumb Code    34  stm32f4xx_exti.o(.text)
    EXTI_ClearITPendingBit                   0x08002c1f   Thumb Code     8  stm32f4xx_exti.o(.text)
    GPIO_DeInit                              0x08002c31   Thumb Code   220  stm32f4xx_gpio.o(.text)
    GPIO_Init                                0x08002d0d   Thumb Code   144  stm32f4xx_gpio.o(.text)
    GPIO_StructInit                          0x08002d9d   Thumb Code    18  stm32f4xx_gpio.o(.text)
    GPIO_PinLockConfig                       0x08002daf   Thumb Code    34  stm32f4xx_gpio.o(.text)
    GPIO_ReadInputDataBit                    0x08002dd1   Thumb Code    18  stm32f4xx_gpio.o(.text)
    GPIO_ReadInputData                       0x08002de3   Thumb Code     8  stm32f4xx_gpio.o(.text)
    GPIO_ReadOutputDataBit                   0x08002deb   Thumb Code    18  stm32f4xx_gpio.o(.text)
    GPIO_ReadOutputData                      0x08002dfd   Thumb Code     8  stm32f4xx_gpio.o(.text)
    GPIO_SetBits                             0x08002e05   Thumb Code     4  stm32f4xx_gpio.o(.text)
    GPIO_ResetBits                           0x08002e09   Thumb Code     4  stm32f4xx_gpio.o(.text)
    GPIO_WriteBit                            0x08002e0d   Thumb Code    10  stm32f4xx_gpio.o(.text)
    GPIO_Write                               0x08002e17   Thumb Code     4  stm32f4xx_gpio.o(.text)
    GPIO_ToggleBits                          0x08002e1b   Thumb Code     8  stm32f4xx_gpio.o(.text)
    GPIO_PinAFConfig                         0x08002e23   Thumb Code    70  stm32f4xx_gpio.o(.text)
    RCC_DeInit                               0x08002e8d   Thumb Code    60  stm32f4xx_rcc.o(.text)
    RCC_HSEConfig                            0x08002ec9   Thumb Code    14  stm32f4xx_rcc.o(.text)
    RCC_GetFlagStatus                        0x08002ed7   Thumb Code    60  stm32f4xx_rcc.o(.text)
    RCC_WaitForHSEStartUp                    0x08002f13   Thumb Code    56  stm32f4xx_rcc.o(.text)
    RCC_AdjustHSICalibrationValue            0x08002f4b   Thumb Code    20  stm32f4xx_rcc.o(.text)
    RCC_HSICmd                               0x08002f5f   Thumb Code     6  stm32f4xx_rcc.o(.text)
    RCC_LSEConfig                            0x08002f65   Thumb Code    46  stm32f4xx_rcc.o(.text)
    RCC_LSICmd                               0x08002f93   Thumb Code     6  stm32f4xx_rcc.o(.text)
    RCC_PLLConfig                            0x08002f99   Thumb Code    32  stm32f4xx_rcc.o(.text)
    RCC_PLLCmd                               0x08002fb9   Thumb Code     6  stm32f4xx_rcc.o(.text)
    RCC_PLLI2SConfig                         0x08002fbf   Thumb Code    14  stm32f4xx_rcc.o(.text)
    RCC_PLLI2SCmd                            0x08002fcd   Thumb Code     6  stm32f4xx_rcc.o(.text)
    RCC_ClockSecuritySystemCmd               0x08002fd3   Thumb Code     6  stm32f4xx_rcc.o(.text)
    RCC_MCO1Config                           0x08002fd9   Thumb Code    28  stm32f4xx_rcc.o(.text)
    RCC_MCO2Config                           0x08002ff5   Thumb Code    28  stm32f4xx_rcc.o(.text)
    RCC_SYSCLKConfig                         0x08003011   Thumb Code    20  stm32f4xx_rcc.o(.text)
    RCC_GetSYSCLKSource                      0x08003025   Thumb Code    12  stm32f4xx_rcc.o(.text)
    RCC_HCLKConfig                           0x08003031   Thumb Code    20  stm32f4xx_rcc.o(.text)
    RCC_PCLK1Config                          0x08003045   Thumb Code    20  stm32f4xx_rcc.o(.text)
    RCC_PCLK2Config                          0x08003059   Thumb Code    22  stm32f4xx_rcc.o(.text)
    RCC_GetClocksFreq                        0x0800306f   Thumb Code   222  stm32f4xx_rcc.o(.text)
    RCC_RTCCLKConfig                         0x0800314d   Thumb Code    54  stm32f4xx_rcc.o(.text)
    RCC_RTCCLKCmd                            0x08003183   Thumb Code     8  stm32f4xx_rcc.o(.text)
    RCC_BackupResetCmd                       0x0800318b   Thumb Code     8  stm32f4xx_rcc.o(.text)
    RCC_I2SCLKConfig                         0x08003193   Thumb Code     6  stm32f4xx_rcc.o(.text)
    RCC_AHB1PeriphClockCmd                   0x08003199   Thumb Code    34  stm32f4xx_rcc.o(.text)
    RCC_AHB2PeriphClockCmd                   0x080031bb   Thumb Code    34  stm32f4xx_rcc.o(.text)
    RCC_AHB3PeriphClockCmd                   0x080031dd   Thumb Code    34  stm32f4xx_rcc.o(.text)
    RCC_APB1PeriphClockCmd                   0x080031ff   Thumb Code    34  stm32f4xx_rcc.o(.text)
    RCC_APB2PeriphClockCmd                   0x08003221   Thumb Code    34  stm32f4xx_rcc.o(.text)
    RCC_AHB1PeriphResetCmd                   0x08003243   Thumb Code    34  stm32f4xx_rcc.o(.text)
    RCC_AHB2PeriphResetCmd                   0x08003265   Thumb Code    72  stm32f4xx_rcc.o(.text)
    RCC_AHB3PeriphResetCmd                   0x080032ad   Thumb Code    34  stm32f4xx_rcc.o(.text)
    RCC_APB1PeriphResetCmd                   0x080032cf   Thumb Code    34  stm32f4xx_rcc.o(.text)
    RCC_APB2PeriphResetCmd                   0x080032f1   Thumb Code    34  stm32f4xx_rcc.o(.text)
    RCC_AHB1PeriphClockLPModeCmd             0x08003313   Thumb Code    34  stm32f4xx_rcc.o(.text)
    RCC_AHB2PeriphClockLPModeCmd             0x08003335   Thumb Code    34  stm32f4xx_rcc.o(.text)
    RCC_AHB3PeriphClockLPModeCmd             0x08003357   Thumb Code    34  stm32f4xx_rcc.o(.text)
    RCC_APB1PeriphClockLPModeCmd             0x08003379   Thumb Code    34  stm32f4xx_rcc.o(.text)
    RCC_APB2PeriphClockLPModeCmd             0x0800339b   Thumb Code    34  stm32f4xx_rcc.o(.text)
    RCC_ITConfig                             0x080033bd   Thumb Code    34  stm32f4xx_rcc.o(.text)
    RCC_ClearFlag                            0x080033df   Thumb Code    18  stm32f4xx_rcc.o(.text)
    RCC_GetITStatus                          0x080033f1   Thumb Code    22  stm32f4xx_rcc.o(.text)
    RCC_ClearITPendingBit                    0x08003407   Thumb Code     8  stm32f4xx_rcc.o(.text)
    SYSCFG_DeInit                            0x08003415   Thumb Code    22  stm32f4xx_syscfg.o(.text)
    SYSCFG_MemoryRemapConfig                 0x0800342b   Thumb Code     6  stm32f4xx_syscfg.o(.text)
    SYSCFG_EXTILineConfig                    0x08003431   Thumb Code    66  stm32f4xx_syscfg.o(.text)
    SYSCFG_ETH_MediaInterfaceConfig          0x08003473   Thumb Code     6  stm32f4xx_syscfg.o(.text)
    SYSCFG_CompensationCellCmd               0x08003479   Thumb Code     6  stm32f4xx_syscfg.o(.text)
    SYSCFG_GetCompensationCellStatus         0x0800347f   Thumb Code    22  stm32f4xx_syscfg.o(.text)
    TIM_DeInit                               0x080034a1   Thumb Code   346  stm32f4xx_tim.o(.text)
    TIM_TimeBaseInit                         0x080035fb   Thumb Code   104  stm32f4xx_tim.o(.text)
    TIM_TimeBaseStructInit                   0x08003663   Thumb Code    18  stm32f4xx_tim.o(.text)
    TIM_PrescalerConfig                      0x08003675   Thumb Code     6  stm32f4xx_tim.o(.text)
    TIM_CounterModeConfig                    0x0800367b   Thumb Code    18  stm32f4xx_tim.o(.text)
    TIM_SetCounter                           0x0800368d   Thumb Code     4  stm32f4xx_tim.o(.text)
    TIM_SetAutoreload                        0x08003691   Thumb Code     4  stm32f4xx_tim.o(.text)
    TIM_GetCounter                           0x08003695   Thumb Code     6  stm32f4xx_tim.o(.text)
    TIM_GetPrescaler                         0x0800369b   Thumb Code     6  stm32f4xx_tim.o(.text)
    TIM_UpdateDisableConfig                  0x080036a1   Thumb Code    24  stm32f4xx_tim.o(.text)
    TIM_UpdateRequestConfig                  0x080036b9   Thumb Code    24  stm32f4xx_tim.o(.text)
    TIM_ARRPreloadConfig                     0x080036d1   Thumb Code    24  stm32f4xx_tim.o(.text)
    TIM_SelectOnePulseMode                   0x080036e9   Thumb Code    18  stm32f4xx_tim.o(.text)
    TIM_SetClockDivision                     0x080036fb   Thumb Code    18  stm32f4xx_tim.o(.text)
    TIM_Cmd                                  0x0800370d   Thumb Code    24  stm32f4xx_tim.o(.text)
    TIM_OC1Init                              0x08003725   Thumb Code   114  stm32f4xx_tim.o(.text)
    TIM_OC2Init                              0x08003797   Thumb Code   154  stm32f4xx_tim.o(.text)
    TIM_OC3Init                              0x08003831   Thumb Code   204  stm32f4xx_tim.o(.text)
    TIM_OC4Init                              0x080038fd   Thumb Code   112  stm32f4xx_tim.o(.text)
    TIM_OCStructInit                         0x0800396d   Thumb Code    20  stm32f4xx_tim.o(.text)
    TIM_SelectOCxM                           0x08003981   Thumb Code    86  stm32f4xx_tim.o(.text)
    TIM_SetCompare1                          0x080039d7   Thumb Code     4  stm32f4xx_tim.o(.text)
    TIM_SetCompare2                          0x080039db   Thumb Code     4  stm32f4xx_tim.o(.text)
    TIM_SetCompare3                          0x080039df   Thumb Code     4  stm32f4xx_tim.o(.text)
    TIM_SetCompare4                          0x080039e3   Thumb Code     4  stm32f4xx_tim.o(.text)
    TIM_ForcedOC1Config                      0x080039e7   Thumb Code    18  stm32f4xx_tim.o(.text)
    TIM_ForcedOC2Config                      0x080039f9   Thumb Code    26  stm32f4xx_tim.o(.text)
    TIM_ForcedOC3Config                      0x08003a13   Thumb Code    18  stm32f4xx_tim.o(.text)
    TIM_ForcedOC4Config                      0x08003a25   Thumb Code    26  stm32f4xx_tim.o(.text)
    TIM_OC1PreloadConfig                     0x08003a3f   Thumb Code    18  stm32f4xx_tim.o(.text)
    TIM_OC2PreloadConfig                     0x08003a51   Thumb Code    26  stm32f4xx_tim.o(.text)
    TIM_OC3PreloadConfig                     0x08003a6b   Thumb Code    18  stm32f4xx_tim.o(.text)
    TIM_OC4PreloadConfig                     0x08003a7d   Thumb Code    26  stm32f4xx_tim.o(.text)
    TIM_OC1FastConfig                        0x08003a97   Thumb Code    18  stm32f4xx_tim.o(.text)
    TIM_OC2FastConfig                        0x08003aa9   Thumb Code    26  stm32f4xx_tim.o(.text)
    TIM_OC3FastConfig                        0x08003ac3   Thumb Code    18  stm32f4xx_tim.o(.text)
    TIM_OC4FastConfig                        0x08003ad5   Thumb Code    26  stm32f4xx_tim.o(.text)
    TIM_ClearOC1Ref                          0x08003aef   Thumb Code    18  stm32f4xx_tim.o(.text)
    TIM_ClearOC2Ref                          0x08003b01   Thumb Code    24  stm32f4xx_tim.o(.text)
    TIM_ClearOC3Ref                          0x08003b19   Thumb Code    18  stm32f4xx_tim.o(.text)
    TIM_ClearOC4Ref                          0x08003b2b   Thumb Code    24  stm32f4xx_tim.o(.text)
    TIM_OC1PolarityConfig                    0x08003b43   Thumb Code    18  stm32f4xx_tim.o(.text)
    TIM_OC1NPolarityConfig                   0x08003b55   Thumb Code    18  stm32f4xx_tim.o(.text)
    TIM_OC2PolarityConfig                    0x08003b67   Thumb Code    26  stm32f4xx_tim.o(.text)
    TIM_OC2NPolarityConfig                   0x08003b81   Thumb Code    26  stm32f4xx_tim.o(.text)
    TIM_OC3PolarityConfig                    0x08003b9b   Thumb Code    26  stm32f4xx_tim.o(.text)
    TIM_OC3NPolarityConfig                   0x08003bb5   Thumb Code    26  stm32f4xx_tim.o(.text)
    TIM_OC4PolarityConfig                    0x08003bcf   Thumb Code    26  stm32f4xx_tim.o(.text)
    TIM_CCxCmd                               0x08003be9   Thumb Code    30  stm32f4xx_tim.o(.text)
    TIM_CCxNCmd                              0x08003c07   Thumb Code    30  stm32f4xx_tim.o(.text)
    TIM_SetIC4Prescaler                      0x08003c25   Thumb Code    26  stm32f4xx_tim.o(.text)
    TIM_SetIC3Prescaler                      0x08003c8f   Thumb Code    18  stm32f4xx_tim.o(.text)
    TIM_SetIC2Prescaler                      0x08003ce9   Thumb Code    26  stm32f4xx_tim.o(.text)
    TIM_SetIC1Prescaler                      0x08003d5d   Thumb Code    18  stm32f4xx_tim.o(.text)
    TIM_ICInit                               0x08003da9   Thumb Code   110  stm32f4xx_tim.o(.text)
    TIM_ICStructInit                         0x08003e17   Thumb Code    18  stm32f4xx_tim.o(.text)
    TIM_PWMIConfig                           0x08003e29   Thumb Code   124  stm32f4xx_tim.o(.text)
    TIM_GetCapture1                          0x08003ea5   Thumb Code     6  stm32f4xx_tim.o(.text)
    TIM_GetCapture2                          0x08003eab   Thumb Code     6  stm32f4xx_tim.o(.text)
    TIM_GetCapture3                          0x08003eb1   Thumb Code     6  stm32f4xx_tim.o(.text)
    TIM_GetCapture4                          0x08003eb7   Thumb Code     6  stm32f4xx_tim.o(.text)
    TIM_BDTRConfig                           0x08003ebd   Thumb Code    32  stm32f4xx_tim.o(.text)
    TIM_BDTRStructInit                       0x08003edd   Thumb Code    18  stm32f4xx_tim.o(.text)
    TIM_CtrlPWMOutputs                       0x08003eef   Thumb Code    30  stm32f4xx_tim.o(.text)
    TIM_SelectCOM                            0x08003f0d   Thumb Code    24  stm32f4xx_tim.o(.text)
    TIM_CCPreloadControl                     0x08003f25   Thumb Code    24  stm32f4xx_tim.o(.text)
    TIM_ITConfig                             0x08003f3d   Thumb Code    18  stm32f4xx_tim.o(.text)
    TIM_GenerateEvent                        0x08003f4f   Thumb Code     4  stm32f4xx_tim.o(.text)
    TIM_GetFlagStatus                        0x08003f53   Thumb Code    18  stm32f4xx_tim.o(.text)
    TIM_ClearFlag                            0x08003f65   Thumb Code     6  stm32f4xx_tim.o(.text)
    TIM_GetITStatus                          0x08003f6b   Thumb Code    34  stm32f4xx_tim.o(.text)
    TIM_ClearITPendingBit                    0x08003f8d   Thumb Code     6  stm32f4xx_tim.o(.text)
    TIM_DMAConfig                            0x08003f93   Thumb Code    10  stm32f4xx_tim.o(.text)
    TIM_DMACmd                               0x08003f9d   Thumb Code    18  stm32f4xx_tim.o(.text)
    TIM_SelectCCDMA                          0x08003faf   Thumb Code    24  stm32f4xx_tim.o(.text)
    TIM_InternalClockConfig                  0x08003fc7   Thumb Code    12  stm32f4xx_tim.o(.text)
    TIM_SelectInputTrigger                   0x08003fd3   Thumb Code    18  stm32f4xx_tim.o(.text)
    TIM_ITRxExternalClockConfig              0x08003fe5   Thumb Code    24  stm32f4xx_tim.o(.text)
    TIM_TIxExternalClockConfig               0x08003ffd   Thumb Code    62  stm32f4xx_tim.o(.text)
    TIM_ETRConfig                            0x0800403b   Thumb Code    28  stm32f4xx_tim.o(.text)
    TIM_ETRClockMode1Config                  0x08004057   Thumb Code    54  stm32f4xx_tim.o(.text)
    TIM_ETRClockMode2Config                  0x0800408d   Thumb Code    32  stm32f4xx_tim.o(.text)
    TIM_SelectOutputTrigger                  0x080040ad   Thumb Code    18  stm32f4xx_tim.o(.text)
    TIM_SelectSlaveMode                      0x080040bf   Thumb Code    18  stm32f4xx_tim.o(.text)
    TIM_SelectMasterSlaveMode                0x080040d1   Thumb Code    18  stm32f4xx_tim.o(.text)
    TIM_EncoderInterfaceConfig               0x080040e3   Thumb Code    66  stm32f4xx_tim.o(.text)
    TIM_SelectHallSensor                     0x08004125   Thumb Code    24  stm32f4xx_tim.o(.text)
    TIM_RemapConfig                          0x0800413d   Thumb Code     6  stm32f4xx_tim.o(.text)
    USART_DeInit                             0x08004145   Thumb Code   156  stm32f4xx_usart.o(.text)
    USART_Init                               0x080041e1   Thumb Code   204  stm32f4xx_usart.o(.text)
    USART_StructInit                         0x080042ad   Thumb Code    24  stm32f4xx_usart.o(.text)
    USART_ClockInit                          0x080042c5   Thumb Code    32  stm32f4xx_usart.o(.text)
    USART_ClockStructInit                    0x080042e5   Thumb Code    12  stm32f4xx_usart.o(.text)
    USART_Cmd                                0x080042f1   Thumb Code    24  stm32f4xx_usart.o(.text)
    USART_SetPrescaler                       0x08004309   Thumb Code    16  stm32f4xx_usart.o(.text)
    USART_OverSampling8Cmd                   0x08004319   Thumb Code    22  stm32f4xx_usart.o(.text)
    USART_OneBitMethodCmd                    0x0800432f   Thumb Code    24  stm32f4xx_usart.o(.text)
    USART_SendData                           0x08004347   Thumb Code     8  stm32f4xx_usart.o(.text)
    USART_ReceiveData                        0x0800434f   Thumb Code    10  stm32f4xx_usart.o(.text)
    USART_SetAddress                         0x08004359   Thumb Code    18  stm32f4xx_usart.o(.text)
    USART_ReceiverWakeUpCmd                  0x0800436b   Thumb Code    24  stm32f4xx_usart.o(.text)
    USART_WakeUpConfig                       0x08004383   Thumb Code    18  stm32f4xx_usart.o(.text)
    USART_LINBreakDetectLengthConfig         0x08004395   Thumb Code    18  stm32f4xx_usart.o(.text)
    USART_LINCmd                             0x080043a7   Thumb Code    24  stm32f4xx_usart.o(.text)
    USART_SendBreak                          0x080043bf   Thumb Code    10  stm32f4xx_usart.o(.text)
    USART_HalfDuplexCmd                      0x080043c9   Thumb Code    24  stm32f4xx_usart.o(.text)
    USART_SetGuardTime                       0x080043e1   Thumb Code    16  stm32f4xx_usart.o(.text)
    USART_SmartCardCmd                       0x080043f1   Thumb Code    24  stm32f4xx_usart.o(.text)
    USART_SmartCardNACKCmd                   0x08004409   Thumb Code    24  stm32f4xx_usart.o(.text)
    USART_IrDAConfig                         0x08004421   Thumb Code    18  stm32f4xx_usart.o(.text)
    USART_IrDACmd                            0x08004433   Thumb Code    24  stm32f4xx_usart.o(.text)
    USART_DMACmd                             0x0800444b   Thumb Code    18  stm32f4xx_usart.o(.text)
    USART_ITConfig                           0x0800445d   Thumb Code    74  stm32f4xx_usart.o(.text)
    USART_GetFlagStatus                      0x080044a7   Thumb Code    26  stm32f4xx_usart.o(.text)
    USART_ClearFlag                          0x080044c1   Thumb Code    18  stm32f4xx_usart.o(.text)
    USART_GetITStatus                        0x080044d3   Thumb Code   110  stm32f4xx_usart.o(.text)
    USART_ClearITPendingBit                  0x08004541   Thumb Code    30  stm32f4xx_usart.o(.text)
    SystemInit                               0x0800463d   Thumb Code    88  system_stm32f4xx.o(.text)
    SystemCoreClockUpdate                    0x08004695   Thumb Code   174  system_stm32f4xx.o(.text)
    MPU6050_IntConfiguration                 0x08004771   Thumb Code   124  mpu6050_interrupt.o(.text)
    EXTI4_IRQHandler                         0x080047ed   Thumb Code    30  mpu6050_interrupt.o(.text)
    LED_DUTY                                 0x08004815   Thumb Code    94  controltask.o(.text)
    CM_velocity_peoccess                     0x08004873   Thumb Code   484  controltask.o(.text)
    imu_data_healthy_judgement               0x08004a57   Thumb Code   220  controltask.o(.text)
    balance                                  0x08004b33   Thumb Code   338  controltask.o(.text)
    turn                                     0x08004c85   Thumb Code    60  controltask.o(.text)
    Up_Load_Robot_Data                       0x08004cc1   Thumb Code   350  controltask.o(.text)
    Calculate_Robot_odometry                 0x08004e1f   Thumb Code   958  controltask.o(.text)
    CMControlLoop                            0x080051dd   Thumb Code  3512  controltask.o(.text)
    Robot_wheel_height_control               0x08005f95   Thumb Code   182  controltask.o(.text)
    Robot_Leg_Position_Control               0x0800604b   Thumb Code   146  controltask.o(.text)
    Robot_Track_Control                      0x080060dd   Thumb Code   236  controltask.o(.text)
    robot_reset_task                         0x080061c9   Thumb Code     2  controltask.o(.text)
    remote_data_process_task                 0x080061cb   Thumb Code    16  controltask.o(.text)
    balance_move_control_task                0x080061db   Thumb Code    32  controltask.o(.text)
    track_move_control_task                  0x080061fb   Thumb Code    16  controltask.o(.text)
    Arm_Control_Task                         0x0800620b   Thumb Code    12  controltask.o(.text)
    Control_Task                             0x08006217   Thumb Code    24  controltask.o(.text)
    SetGimbalMotorOutput                     0x0800622f   Thumb Code     2  controltask.o(.text)
    ControtLoopTaskInit                      0x08006231   Thumb Code     2  controltask.o(.text)
    Arm_Rocker_Data_Process                  0x0800629d   Thumb Code   494  remotetask.o(.text)
    SIYI_Remote_Data_Enable                  0x0800648b   Thumb Code   744  remotetask.o(.text)
    Pad_Control_Data_Process                 0x08006773   Thumb Code   182  remotetask.o(.text)
    ROS_Control_Data_Process                 0x08006829   Thumb Code    96  remotetask.o(.text)
    Data_Filter                              0x08006889   Thumb Code   102  remotetask.o(.text)
    Control_Platform_Data_Enable             0x080068ef   Thumb Code  1024  remotetask.o(.text)
    Remote_Data_Enable                       0x08006cef   Thumb Code    42  remotetask.o(.text)
    CAN1_TX_Wait                             0x08006d73   Thumb Code    40  can1bustask.o(.text)
    my_abs                                   0x08006d9b   Thumb Code     8  can1bustask.o(.text)
    my_fabs                                  0x08006da3   Thumb Code    20  can1bustask.o(.text)
    Limit_Switch_process                     0x08006db7   Thumb Code     8  can1bustask.o(.text)
    Can1ReceiveMsgProcess                    0x08006dbf   Thumb Code   264  can1bustask.o(.text)
    CAN_RoboModule_DRV_Reset                 0x08006ec7   Thumb Code   102  can1bustask.o(.text)
    CAN_RoboModule_DRV_Mode_Choice           0x08006f2d   Thumb Code   102  can1bustask.o(.text)
    CAN_RoboModule_DRV_OpenLoop_Mode         0x08006f93   Thumb Code   126  can1bustask.o(.text)
    CAN_RoboModule_DRV_Current_Mode          0x08007011   Thumb Code   148  can1bustask.o(.text)
    CAN_RoboModule_DRV_Velocity_Mode         0x080070a5   Thumb Code   144  can1bustask.o(.text)
    CAN_RoboModule_DRV_Position_Mode         0x08007135   Thumb Code   172  can1bustask.o(.text)
    CAN_RoboModule_DRV_Config                0x080071e1   Thumb Code   108  can1bustask.o(.text)
    Arm_Motor_Driver_Init                    0x0800724d   Thumb Code   232  can1bustask.o(.text)
    Robo_Module_Speed_Set                    0x08007335   Thumb Code   134  can1bustask.o(.text)
    Robo_Module_Current_Set                  0x080073bb   Thumb Code    22  can1bustask.o(.text)
    CAN2_TX_Wait                             0x080073f3   Thumb Code    40  can2bustask.o(.text)
    GetEncoderBias                           0x0800741b   Thumb Code    30  can2bustask.o(.text)
    EncoderProcess                           0x08007439   Thumb Code   170  can2bustask.o(.text)
    Can2ReceiveMsgProcess                    0x080074e3   Thumb Code   158  can2bustask.o(.text)
    Speed_control                            0x08007581   Thumb Code    92  can2bustask.o(.text)
    Get_Balance_Speed                        0x080075dd   Thumb Code   150  can2bustask.o(.text)
    Set_Balance_Speed                        0x08007673   Thumb Code   176  can2bustask.o(.text)
    Set_Track_Speed                          0x08007723   Thumb Code   378  can2bustask.o(.text)
    Get_Track_Speed                          0x0800789d   Thumb Code   290  can2bustask.o(.text)
    Set_Leg_Speed                            0x080079bf   Thumb Code   170  can2bustask.o(.text)
    Enable_Balance_Driver                    0x08007a69   Thumb Code   106  can2bustask.o(.text)
    Disable_Balance_Driver                   0x08007ad3   Thumb Code   102  can2bustask.o(.text)
    Enable_Track_Driver                      0x08007b39   Thumb Code   106  can2bustask.o(.text)
    Disable_Track_Driver                     0x08007ba3   Thumb Code   102  can2bustask.o(.text)
    Enable_Leg_Driver                        0x08007c09   Thumb Code   106  can2bustask.o(.text)
    Get_Joint_Motor_Pos                      0x08007c75   Thumb Code    42  arm_control.o(.text)
    Get_Joint_Angle                          0x08007c9f   Thumb Code   372  arm_control.o(.text)
    Set_Arm_joint_Current                    0x08007e13   Thumb Code    20  arm_control.o(.text)
    Set_Arm_Joint_Motor_Rotate_Speed         0x08007e27   Thumb Code   434  arm_control.o(.text)
    Set_Arm_Joint_Angular_Velocity           0x08007fd9   Thumb Code   730  arm_control.o(.text)
    Set_Arm_Joint_4_Angle                    0x080082b3   Thumb Code   412  arm_control.o(.text)
    Get_All_Joint_Angle_And_Coordinate       0x0800844f   Thumb Code  1150  arm_control.o(.text)
    Arm_Link_Control                         0x080088cd   Thumb Code  2176  arm_control.o(.text)
    Arm_Line_Control                         0x0800914d   Thumb Code  1960  arm_control.o(.text)
    Arm_Joint_Control                        0x080098f5   Thumb Code   880  arm_control.o(.text)
    Arm_Auto_Stretch_And_Reset               0x08009c65   Thumb Code  1442  arm_control.o(.text)
    Arm_To_Preset_Point                      0x0800a207   Thumb Code  1188  arm_control.o(.text)
    Arm_Auto_Grasp_Process                   0x0800a6ab   Thumb Code   362  arm_control.o(.text)
    Arm_Auto_Grasp_return                    0x0800a815   Thumb Code   246  arm_control.o(.text)
    Arm_Stop                                 0x0800a90b   Thumb Code    52  arm_control.o(.text)
    Camera_Platform_Control                  0x0800a93f   Thumb Code    24  arm_control.o(.text)
    Arm_Control                              0x0800a957   Thumb Code   396  arm_control.o(.text)
    __aeabi_dadd                             0x0800ab39   Thumb Code   322  dadd.o(.text)
    __aeabi_dsub                             0x0800ac7b   Thumb Code     6  dadd.o(.text)
    __aeabi_drsub                            0x0800ac81   Thumb Code     6  dadd.o(.text)
    __aeabi_dmul                             0x0800ac87   Thumb Code   228  dmul.o(.text)
    __aeabi_ddiv                             0x0800ad6b   Thumb Code   222  ddiv.o(.text)
    __aeabi_i2d                              0x0800ae49   Thumb Code    34  dflti.o(.text)
    __aeabi_d2iz                             0x0800ae6b   Thumb Code    62  dfixi.o(.text)
    __aeabi_f2d                              0x0800aea9   Thumb Code    38  f2d.o(.text)
    __aeabi_cdcmpeq                          0x0800aed1   Thumb Code     0  cdcmple.o(.text)
    __aeabi_cdcmple                          0x0800aed1   Thumb Code    48  cdcmple.o(.text)
    __aeabi_cdrcmple                         0x0800af01   Thumb Code    48  cdrcmple.o(.text)
    __aeabi_d2f                              0x0800af31   Thumb Code    56  d2f.o(.text)
    __aeabi_uidiv                            0x0800af69   Thumb Code     0  uidiv.o(.text)
    __aeabi_uidivmod                         0x0800af69   Thumb Code    44  uidiv.o(.text)
    __aeabi_uldivmod                         0x0800af95   Thumb Code    98  uldiv.o(.text)
    __aeabi_llsl                             0x0800aff7   Thumb Code    30  llshl.o(.text)
    _ll_shift_l                              0x0800aff7   Thumb Code     0  llshl.o(.text)
    __aeabi_llsr                             0x0800b015   Thumb Code    32  llushr.o(.text)
    _ll_ushift_r                             0x0800b015   Thumb Code     0  llushr.o(.text)
    __aeabi_lasr                             0x0800b035   Thumb Code    36  llsshr.o(.text)
    _ll_sshift_r                             0x0800b035   Thumb Code     0  llsshr.o(.text)
    __I$use$fp                               0x0800b059   Thumb Code     0  iusefp.o(.text)
    _float_round                             0x0800b059   Thumb Code    18  fepilogue.o(.text)
    _float_epilogue                          0x0800b06b   Thumb Code    92  fepilogue.o(.text)
    _double_round                            0x0800b0c7   Thumb Code    30  depilogue.o(.text)
    _double_epilogue                         0x0800b0e5   Thumb Code   156  depilogue.o(.text)
    __aeabi_d2ulz                            0x0800b181   Thumb Code    48  dfixul.o(.text)
    __scatterload                            0x0800b1b1   Thumb Code    28  init.o(.text)
    __scatterload_rt2                        0x0800b1b1   Thumb Code     0  init.o(.text)
    __aeabi_ui2d                             0x0800b1d5   Thumb Code    26  dfltui.o(.text)
    __decompress                             0x0800b1ef   Thumb Code     0  __dczerorl2.o(.text)
    __decompress1                            0x0800b1ef   Thumb Code    86  __dczerorl2.o(.text)
    __0printf                                0x0800b245   Thumb Code    22  printfa.o(i.__0printf)
    __1printf                                0x0800b245   Thumb Code     0  printfa.o(i.__0printf)
    __2printf                                0x0800b245   Thumb Code     0  printfa.o(i.__0printf)
    __c89printf                              0x0800b245   Thumb Code     0  printfa.o(i.__0printf)
    printf                                   0x0800b245   Thumb Code     0  printfa.o(i.__0printf)
    __ARM_fpclassify                         0x0800b265   Thumb Code    48  fpclassify.o(i.__ARM_fpclassify)
    __hardfp_cos                             0x0800b299   Thumb Code   180  cos.o(i.__hardfp_cos)
    __hardfp_sin                             0x0800b361   Thumb Code   180  sin.o(i.__hardfp_sin)
    __ieee754_rem_pio2                       0x0800b429   Thumb Code   938  rred.o(i.__ieee754_rem_pio2)
    __kernel_cos                             0x0800b861   Thumb Code   322  cos_i.o(i.__kernel_cos)
    __kernel_poly                            0x0800b9d1   Thumb Code   248  poly.o(i.__kernel_poly)
    __kernel_sin                             0x0800bac9   Thumb Code   280  sin_i.o(i.__kernel_sin)
    __mathlib_dbl_infnan                     0x0800bbf9   Thumb Code    20  dunder.o(i.__mathlib_dbl_infnan)
    __mathlib_dbl_invalid                    0x0800bc11   Thumb Code    24  dunder.o(i.__mathlib_dbl_invalid)
    __mathlib_dbl_underflow                  0x0800bc31   Thumb Code    24  dunder.o(i.__mathlib_dbl_underflow)
    __scatterload_copy                       0x0800bc51   Thumb Code    14  handlers.o(i.__scatterload_copy)
    __scatterload_null                       0x0800bc5f   Thumb Code     2  handlers.o(i.__scatterload_null)
    __scatterload_zeroinit                   0x0800bc61   Thumb Code    14  handlers.o(i.__scatterload_zeroinit)
    __set_errno                              0x0800bc71   Thumb Code     6  errno.o(i.__set_errno)
    fabs                                     0x0800c52f   Thumb Code    24  fabs.o(i.fabs)
    Region$$Table$$Base                      0x0800c668   Number         0  anon$$obj.o(Region$$Table)
    Region$$Table$$Limit                     0x0800c688   Number         0  anon$$obj.o(Region$$Table)
    Upload_Speed                             0x20000000   Data           4  main.o(.data)
    system_time                              0x20000004   Data           4  main.o(.data)
    time_count                               0x20000008   Data           4  main.o(.data)
    Medie_Angle                              0x20000010   Data           4  usart3.o(.data)
    stcAcc                                   0x20000014   Data           8  usart3.o(.data)
    stcGyro                                  0x2000001c   Data           8  usart3.o(.data)
    stcAngle                                 0x20000024   Data           8  usart3.o(.data)
    stcQ                                     0x2000002c   Data           8  usart3.o(.data)
    yV                                       0x20000034   Data           4  usart3.o(.data)
    yA                                       0x20000038   Data           4  usart3.o(.data)
    SIYI_Remote_Data_Flag                    0x2000003c   Data           1  usart3.o(.data)
    Pad_App_Data_Flag                        0x2000003d   Data           1  usart3.o(.data)
    Control_Platform_Data_Flag               0x2000003e   Data           1  usart3.o(.data)
    SystemCoreClock                          0x20000064   Data           4  system_stm32f4xx.o(.data)
    AHBPrescTable                            0x20000068   Data          16  system_stm32f4xx.o(.data)
    exInt                                    0x20000078   Data           4  imu.o(.data)
    eyInt                                    0x2000007c   Data           4  imu.o(.data)
    ezInt                                    0x20000080   Data           4  imu.o(.data)
    q0                                       0x20000084   Data           4  imu.o(.data)
    q1                                       0x20000088   Data           4  imu.o(.data)
    q2                                       0x2000008c   Data           4  imu.o(.data)
    q3                                       0x20000090   Data           4  imu.o(.data)
    lastUpdate                               0x200000b8   Data           4  imu.o(.data)
    now                                      0x200000bc   Data           4  imu.o(.data)
    yaw_temp                                 0x200000c0   Data           4  imu.o(.data)
    pitch_temp                               0x200000c4   Data           4  imu.o(.data)
    roll_temp                                0x200000c8   Data           4  imu.o(.data)
    last_yaw_temp                            0x200000cc   Data           4  imu.o(.data)
    last_pitch_temp                          0x200000d0   Data           4  imu.o(.data)
    last_roll_temp                           0x200000d4   Data           4  imu.o(.data)
    yaw_angle                                0x200000d8   Data           4  imu.o(.data)
    pitch_angle                              0x200000dc   Data           4  imu.o(.data)
    roll_angle                               0x200000e0   Data           4  imu.o(.data)
    K1                                       0x200000e4   Data           4  imu.o(.data)
    angle_pitch                              0x200000e8   Data           4  imu.o(.data)
    angle_dot                                0x200000ec   Data           4  imu.o(.data)
    Q_angle                                  0x200000f0   Data           4  imu.o(.data)
    Q_gyro                                   0x200000f4   Data           4  imu.o(.data)
    R_angle                                  0x200000f8   Data           4  imu.o(.data)
    dt                                       0x200000fc   Data           4  imu.o(.data)
    C_0                                      0x20000100   Data           1  imu.o(.data)
    Q_bias                                   0x20000104   Data           4  imu.o(.data)
    Angle_err                                0x20000108   Data           4  imu.o(.data)
    PCt_0                                    0x2000010c   Data           4  imu.o(.data)
    PCt_1                                    0x20000110   Data           4  imu.o(.data)
    E                                        0x20000114   Data           4  imu.o(.data)
    K_0                                      0x20000118   Data           4  imu.o(.data)
    K_1                                      0x2000011c   Data           4  imu.o(.data)
    t_0                                      0x20000120   Data           4  imu.o(.data)
    t_1                                      0x20000124   Data           4  imu.o(.data)
    PP                                       0x20000128   Data          16  imu.o(.data)
    Angle_Balance                            0x20000138   Data           4  imu.o(.data)
    Gyro_Balance                             0x2000013c   Data           4  imu.o(.data)
    Gyro_Turn                                0x20000140   Data           4  imu.o(.data)
    isMPU6050_is_DRY                         0x20000148   Data           1  mpu6050_interrupt.o(.data)
    speed_PID_out_limit                      0x20000150   Data           4  controltask.o(.data)
    balance_angle                            0x20000154   Data           4  controltask.o(.data)
    CMspeed_kp                               0x20000158   Data           4  controltask.o(.data)
    CMspeed_ki                               0x2000015c   Data           4  controltask.o(.data)
    CMspeed_kd                               0x20000160   Data           4  controltask.o(.data)
    target_angle                             0x20000168   Data           8  controltask.o(.data)
    medie_angle                              0x20000170   Data           8  controltask.o(.data)
    target_speed                             0x20000178   Data           8  controltask.o(.data)
    target_speed_last                        0x20000180   Data           8  controltask.o(.data)
    rotate_speed                             0x20000188   Data           8  controltask.o(.data)
    speed_PID_out                            0x20000190   Data           4  controltask.o(.data)
    balance_PID_out                          0x20000194   Data           4  controltask.o(.data)
    turn_PID_out                             0x20000198   Data           4  controltask.o(.data)
    LEFT_PWM                                 0x2000019c   Data           4  controltask.o(.data)
    RIGHT_PWM                                0x200001a0   Data           4  controltask.o(.data)
    left_encoder_speed                       0x200001a4   Data           4  controltask.o(.data)
    right_encoder_speed                      0x200001a8   Data           4  controltask.o(.data)
    wire_data_flag                           0x200001ac   Data           4  controltask.o(.data)
    forward_leg_angle                        0x200001b0   Data           4  controltask.o(.data)
    back_leg_angle                           0x200001b4   Data           4  controltask.o(.data)
    imu_data_flag                            0x200001b8   Data           1  controltask.o(.data)
    imu_data_count                           0x200001b9   Data           1  controltask.o(.data)
    imu_data_heathy                          0x200001ba   Data           1  controltask.o(.data)
    remote_data_heathy                       0x200001bb   Data           1  controltask.o(.data)
    Robot_Move_Mode                          0x200001bc   Data           1  controltask.o(.data)
    Robot_Move_Mode_Last                     0x200001bd   Data           1  controltask.o(.data)
    Robot_Posture_Reset_Flag                 0x200001be   Data           1  controltask.o(.data)
    Robot_Arm_Reset_Flag                     0x200001bf   Data           1  controltask.o(.data)
    Robot_leg_control_Flag                   0x200001c0   Data           1  controltask.o(.data)
    Robot_wheel_height_control_Flag          0x200001c1   Data           1  controltask.o(.data)
    Camera_Platform_Control_Flag             0x200001c2   Data           1  controltask.o(.data)
    Robot_Arm_Control_Flag                   0x200001c3   Data           1  controltask.o(.data)
    Temp_wheel_position                      0x200001c4   Data           4  controltask.o(.data)
    Push_Motor_Limit_Switch_Value            0x200001c8   Data           1  controltask.o(.data)
    Push_Motor_position                      0x200001cc   Data           4  controltask.o(.data)
    Robot_Battery_Voltage                    0x200001d0   Data           4  controltask.o(.data)
    Robot_Battery_Current                    0x200001d4   Data           4  controltask.o(.data)
    Robot_Line_Speed                         0x200001d8   Data           4  controltask.o(.data)
    Robot_Rotate_Speed                       0x200001dc   Data           4  controltask.o(.data)
    Robot_Move_Enable                        0x200001e0   Data           1  controltask.o(.data)
    Front_Leg_speed                          0x200001e4   Data           4  controltask.o(.data)
    Back_Leg_speed                           0x200001e8   Data           4  controltask.o(.data)
    CM1_Distance                             0x200001ec   Data           4  controltask.o(.data)
    CM2_Distance                             0x200001f0   Data           4  controltask.o(.data)
    CM3_Distance                             0x200001f4   Data           4  controltask.o(.data)
    CM4_Distance                             0x200001f8   Data           4  controltask.o(.data)
    Robot_Move_Distance                      0x200001fc   Data           4  controltask.o(.data)
    Robot_Move_Distance_Last                 0x20000200   Data           4  controltask.o(.data)
    Delta_Distance                           0x20000204   Data           4  controltask.o(.data)
    Robot_Position_X                         0x20000208   Data           4  controltask.o(.data)
    Robot_Position_Y                         0x2000020c   Data           4  controltask.o(.data)
    Robot_Yaw_Angel                          0x20000210   Data           4  controltask.o(.data)
    Robot_Roll_Angel                         0x20000214   Data           4  controltask.o(.data)
    Robot_Pitch_Angel                        0x20000218   Data           4  controltask.o(.data)
    Line_Speed                               0x2000021c   Data           4  controltask.o(.data)
    Angl_Speed                               0x20000220   Data           4  controltask.o(.data)
    Left_right_speed                         0x20000224   Data           4  controltask.o(.data)
    Robot_Temp_Line_Speed                    0x20000228   Data           4  controltask.o(.data)
    Robot_Temp_Angl_Speed                    0x2000022c   Data           4  controltask.o(.data)
    odom_x                                   0x20000230   Data           4  controltask.o(.data)
    odom_y                                   0x20000234   Data           4  controltask.o(.data)
    odom_yaw                                 0x20000238   Data           4  controltask.o(.data)
    odom_line_vel                            0x2000023c   Data           4  controltask.o(.data)
    odom_angl_vel                            0x20000240   Data           4  controltask.o(.data)
    ACC_x                                    0x20000244   Data           4  controltask.o(.data)
    ACC_y                                    0x20000248   Data           4  controltask.o(.data)
    ACC_z                                    0x2000024c   Data           4  controltask.o(.data)
    GY_x                                     0x20000250   Data           4  controltask.o(.data)
    GY_y                                     0x20000254   Data           4  controltask.o(.data)
    GY_z                                     0x20000258   Data           4  controltask.o(.data)
    QUAT_0                                   0x2000025c   Data           4  controltask.o(.data)
    QUAT_1                                   0x20000260   Data           4  controltask.o(.data)
    QUAT_2                                   0x20000264   Data           4  controltask.o(.data)
    QUAT_3                                   0x20000268   Data           4  controltask.o(.data)
    Roll_Angle                               0x2000026c   Data           4  controltask.o(.data)
    Pitch_Angle                              0x20000270   Data           4  controltask.o(.data)
    Yaw_Angle                                0x20000274   Data           4  controltask.o(.data)
    Target_Line_Speed                        0x20000278   Data           4  controltask.o(.data)
    Target_Angl_Speed                        0x2000027c   Data           4  controltask.o(.data)
    Target_Position_X                        0x20000280   Data           4  controltask.o(.data)
    Target_Position_Y                        0x20000284   Data           4  controltask.o(.data)
    Target_Angle                             0x20000288   Data           4  controltask.o(.data)
    Target_left_right_speed                  0x2000028c   Data           4  controltask.o(.data)
    Ax                                       0x20000290   Data           4  controltask.o(.data)
    Ay                                       0x20000294   Data           4  controltask.o(.data)
    Az                                       0x20000298   Data           4  controltask.o(.data)
    Gx                                       0x2000029c   Data           4  controltask.o(.data)
    Gy                                       0x200002a0   Data           4  controltask.o(.data)
    Gz                                       0x200002a4   Data           4  controltask.o(.data)
    Q0                                       0x200002a8   Data           4  controltask.o(.data)
    Q1                                       0x200002ac   Data           4  controltask.o(.data)
    Q2                                       0x200002b0   Data           4  controltask.o(.data)
    Q3                                       0x200002b4   Data           4  controltask.o(.data)
    ROS_Control_Data_Flag                    0x200002b8   Data           1  controltask.o(.data)
    ROS_Target_Velocity_Flag                 0x200002b9   Data           1  controltask.o(.data)
    ROS_Target_Position_Flag                 0x200002ba   Data           1  controltask.o(.data)
    Robot_Control_Task_Flag                  0x200002bb   Data           1  controltask.o(.data)
    Data_process_Task_Flag                   0x200002bc   Data           1  controltask.o(.data)
    error_imu                                0x200002f0   Data           4  remotetask.o(.data)
    error_remote                             0x200002f4   Data           4  remotetask.o(.data)
    can1_tx_success_flag                     0x20000304   Data           4  can1bustask.o(.data)
    can2_tx_success_flag                     0x20000308   Data           4  can2bustask.o(.data)
    Arm_Target_Speed_X                       0x20000310   Data           8  arm_control.o(.data)
    Arm_Target_Speed_Y                       0x20000318   Data           8  arm_control.o(.data)
    Theta_1                                  0x20000320   Data           8  arm_control.o(.data)
    Theta_2                                  0x20000328   Data           8  arm_control.o(.data)
    Theta_3                                  0x20000330   Data           8  arm_control.o(.data)
    Theta_4                                  0x20000338   Data           8  arm_control.o(.data)
    d_Theta_1                                0x20000340   Data           8  arm_control.o(.data)
    d_Theta_2                                0x20000348   Data           8  arm_control.o(.data)
    d_Theta_3                                0x20000350   Data           8  arm_control.o(.data)
    d_Theta_4                                0x20000358   Data           8  arm_control.o(.data)
    Arm_X_Offset                             0x20000360   Data           8  arm_control.o(.data)
    Arm_Y_Offset                             0x20000368   Data           8  arm_control.o(.data)
    Arm_X_Offset_Last                        0x20000370   Data           8  arm_control.o(.data)
    Arm_Y_Offset_Last                        0x20000378   Data           8  arm_control.o(.data)
    Arm_Target_X                             0x20000380   Data           8  arm_control.o(.data)
    Arm_Target_Y                             0x20000388   Data           8  arm_control.o(.data)
    Arm_Reset_X                              0x20000390   Data           8  arm_control.o(.data)
    Arm_Reset_Y                              0x20000398   Data           8  arm_control.o(.data)
    Arm_Kp                                   0x200003a0   Data           8  arm_control.o(.data)
    Arm_Kd                                   0x200003a8   Data           8  arm_control.o(.data)
    Target_Joint_4_Angle                     0x200003b0   Data           8  arm_control.o(.data)
    Joint_2_Reset_Angle                      0x200003b8   Data           8  arm_control.o(.data)
    Joint_3_Reset_Angle                      0x200003c0   Data           8  arm_control.o(.data)
    Joint_4_Reset_Angle                      0x200003c8   Data           8  arm_control.o(.data)
    Joint_2_Real_Reset_Angle                 0x200003d0   Data           8  arm_control.o(.data)
    Joint_3_Real_Reset_Angle                 0x200003d8   Data           8  arm_control.o(.data)
    Joint_4_Real_Reset_Angle                 0x200003e0   Data           8  arm_control.o(.data)
    Arm_Control_Mode                         0x200003e8   Data           1  arm_control.o(.data)
    Yaw_Speed                                0x200003ec   Data           4  arm_control.o(.data)
    Ptich_Speed                              0x200003f0   Data           4  arm_control.o(.data)
    Arm_Auto_Grasp_Flag                      0x200003f4   Data           1  arm_control.o(.data)
    Process_Flag_1                           0x200003f8   Data           4  arm_control.o(.data)
    Process_Flag_2                           0x200003fc   Data           4  arm_control.o(.data)
    Process_Flag_3                           0x20000400   Data           4  arm_control.o(.data)
    Process_Flag_4                           0x20000404   Data           4  arm_control.o(.data)
    Process_Flag_5                           0x20000408   Data           4  arm_control.o(.data)
    Process_Flag_6                           0x2000040c   Data           4  arm_control.o(.data)
    grasp_time                               0x20000410   Data           4  arm_control.o(.data)
    open_grasp                               0x20000414   Data           4  arm_control.o(.data)
    Preset_Point_1_up                        0x20000418   Data          28  arm_control.o(.data)
    Preset_Point_1_down                      0x20000434   Data          28  arm_control.o(.data)
    Preset_Point_1_grasp_up                  0x20000450   Data          28  arm_control.o(.data)
    Preset_Point_1_grasp_down                0x2000046c   Data          28  arm_control.o(.data)
    Preset_Point_2_up                        0x20000488   Data          28  arm_control.o(.data)
    Preset_Point_2_down                      0x200004a4   Data          28  arm_control.o(.data)
    Preset_Point_2_return                    0x200004c0   Data          28  arm_control.o(.data)
    Grasp_Stretch_Point                      0x200004dc   Data          28  arm_control.o(.data)
    A1                                       0x200004f8   Data           8  arm_control.o(.data)
    B1                                       0x20000500   Data           8  arm_control.o(.data)
    A2                                       0x20000508   Data           8  arm_control.o(.data)
    B2                                       0x20000510   Data           8  arm_control.o(.data)
    __stdout                                 0x20000534   Data           4  stdout.o(.data)
    remote_channel_data                      0x200005b4   Data          40  usart3.o(.bss)
    SIYI_Remote_data_buf                     0x200005dc   Data          30  usart3.o(.bss)
    RC                                       0x200005fc   Data          80  usart3.o(.bss)
    Pad_App_Data_Buf                         0x2000064c   Data          40  usart3.o(.bss)
    Control_Platform_Data_Buf                0x20000674   Data          40  usart3.o(.bss)
    CM_Target_Speed                          0x200006d0   Data          20  controltask.o(.bss)
    CM_Target_Speed_Last                     0x200006e4   Data          20  controltask.o(.bss)
    CMspeedPID_P_out                         0x200006f8   Data          20  controltask.o(.bss)
    CMspeedPID_I_out                         0x2000070c   Data          20  controltask.o(.bss)
    CMspeedPID_D_out                         0x20000720   Data          20  controltask.o(.bss)
    CMspeedPID_out                           0x20000734   Data          20  controltask.o(.bss)
    e_speed                                  0x20000748   Data          20  controltask.o(.bss)
    e_speed_last                             0x2000075c   Data          20  controltask.o(.bss)
    e_speed_last_last                        0x20000770   Data          20  controltask.o(.bss)
    d_e_speed                                0x20000784   Data          20  controltask.o(.bss)
    wire_data                                0x20000798   Data          80  controltask.o(.bss)
    Arm                                      0x200007e8   Data         104  controltask.o(.bss)
    Arm_Rocker                               0x20000850   Data          28  controltask.o(.bss)
    Up_Load_Data                             0x2000086c   Data          80  controltask.o(.bss)
    ROS_Control_Data_Buf                     0x200008bc   Data          30  controltask.o(.bss)
    Pad_control_Data                         0x20000954   Data          16  remotetask.o(.bss)
    CM1Encoder                               0x20000978   Data          96  can2bustask.o(.bss)
    CM2Encoder                               0x200009d8   Data          96  can2bustask.o(.bss)
    CM3Encoder                               0x20000a38   Data          96  can2bustask.o(.bss)
    CM4Encoder                               0x20000a98   Data          96  can2bustask.o(.bss)
    left_encoder_send                        0x20000af8   Data          16  can2bustask.o(.bss)
    right_encoder_send                       0x20000b08   Data          16  can2bustask.o(.bss)
    __initial_sp                             0x20001518   Data           0  startup_stm32f4xx.o(STACK)



==============================================================================

Memory Map of the image

  Image Entry point : 0x08000189

  Load Region LR_IROM1 (Base: 0x08000000, Size: 0x0000cbc4, Max: 0x00080000, ABSOLUTE, COMPRESSED[0x0000c75c])

    Execution Region ER_IROM1 (Base: 0x08000000, Size: 0x0000c688, Max: 0x00080000, ABSOLUTE)

    Base Addr    Size         Type   Attr      Idx    E Section Name        Object

    0x08000000   0x00000188   Data   RO          662    RESET               startup_stm32f4xx.o
    0x08000188   0x00000000   Code   RO         1560  * .ARM.Collect$$$$00000000  mc_w.l(entry.o)
    0x08000188   0x00000004   Code   RO         1891    .ARM.Collect$$$$00000001  mc_w.l(entry2.o)
    0x0800018c   0x00000004   Code   RO         1894    .ARM.Collect$$$$00000004  mc_w.l(entry5.o)
    0x08000190   0x00000000   Code   RO         1896    .ARM.Collect$$$$00000008  mc_w.l(entry7b.o)
    0x08000190   0x00000000   Code   RO         1898    .ARM.Collect$$$$0000000A  mc_w.l(entry8b.o)
    0x08000190   0x00000008   Code   RO         1899    .ARM.Collect$$$$0000000B  mc_w.l(entry9a.o)
    0x08000198   0x00000000   Code   RO         1901    .ARM.Collect$$$$0000000D  mc_w.l(entry10a.o)
    0x08000198   0x00000000   Code   RO         1903    .ARM.Collect$$$$0000000F  mc_w.l(entry11a.o)
    0x08000198   0x00000004   Code   RO         1892    .ARM.Collect$$$$00002712  mc_w.l(entry2.o)
    0x0800019c   0x000000d4   Code   RO            3    .text               main.o
    0x08000270   0x00000028   Code   RO          185    .text               bsp.o
    0x08000298   0x00000030   Code   RO          334    .text               led.o
    0x080002c8   0x00000168   Code   RO          430    .text               can1.o
    0x08000430   0x0000016c   Code   RO          451    .text               can2.o
    0x0800059c   0x0000006c   Code   RO          472    .text               delay.o
    0x08000608   0x00000104   Code   RO          492    .text               exti.o
    0x0800070c   0x0000019c   Code   RO          537    .text               timer.o
    0x080008a8   0x000002fc   Code   RO          560    .text               usart1.o
    0x08000ba4   0x00001000   Code   RO          589    .text               usart3.o
    0x08001ba4   0x00000024   Code   RO          663    .text               startup_stm32f4xx.o
    0x08001bc8   0x00000018   Code   RO          669    .text               stm32f4xx_it.o
    0x08001be0   0x000000e0   Code   RO          692    .text               misc.o
    0x08001cc0   0x00000464   Code   RO          735    .text               stm32f4xx_adc.o
    0x08002124   0x000009f0   Code   RO          761    .text               stm32f4xx_can.o
    0x08002b14   0x0000011c   Code   RO          853    .text               stm32f4xx_exti.o
    0x08002c30   0x0000025c   Code   RO          899    .text               stm32f4xx_gpio.o
    0x08002e8c   0x00000588   Code   RO          945    .text               stm32f4xx_rcc.o
    0x08003414   0x0000008c   Code   RO          993    .text               stm32f4xx_syscfg.o
    0x080034a0   0x00000ca2   Code   RO         1016    .text               stm32f4xx_tim.o
    0x08004142   0x00000002   PAD
    0x08004144   0x0000041a   Code   RO         1039    .text               stm32f4xx_usart.o
    0x0800455e   0x00000002   PAD
    0x08004560   0x00000210   Code   RO         1062    .text               system_stm32f4xx.o
    0x08004770   0x000000a4   Code   RO         1191    .text               mpu6050_interrupt.o
    0x08004814   0x00001a88   Code   RO         1217    .text               controltask.o
    0x0800629c   0x00000abc   Code   RO         1371    .text               remotetask.o
    0x08006d58   0x00000680   Code   RO         1419    .text               can1bustask.o
    0x080073d8   0x0000089a   Code   RO         1443    .text               can2bustask.o
    0x08007c72   0x00000002   PAD
    0x08007c74   0x00002ec4   Code   RO         1470    .text               arm_control.o
    0x0800ab38   0x0000014e   Code   RO         1824    .text               mf_w.l(dadd.o)
    0x0800ac86   0x000000e4   Code   RO         1826    .text               mf_w.l(dmul.o)
    0x0800ad6a   0x000000de   Code   RO         1828    .text               mf_w.l(ddiv.o)
    0x0800ae48   0x00000022   Code   RO         1832    .text               mf_w.l(dflti.o)
    0x0800ae6a   0x0000003e   Code   RO         1834    .text               mf_w.l(dfixi.o)
    0x0800aea8   0x00000026   Code   RO         1836    .text               mf_w.l(f2d.o)
    0x0800aece   0x00000002   PAD
    0x0800aed0   0x00000030   Code   RO         1838    .text               mf_w.l(cdcmple.o)
    0x0800af00   0x00000030   Code   RO         1840    .text               mf_w.l(cdrcmple.o)
    0x0800af30   0x00000038   Code   RO         1842    .text               mf_w.l(d2f.o)
    0x0800af68   0x0000002c   Code   RO         1906    .text               mc_w.l(uidiv.o)
    0x0800af94   0x00000062   Code   RO         1908    .text               mc_w.l(uldiv.o)
    0x0800aff6   0x0000001e   Code   RO         1910    .text               mc_w.l(llshl.o)
    0x0800b014   0x00000020   Code   RO         1912    .text               mc_w.l(llushr.o)
    0x0800b034   0x00000024   Code   RO         1914    .text               mc_w.l(llsshr.o)
    0x0800b058   0x00000000   Code   RO         1923    .text               mc_w.l(iusefp.o)
    0x0800b058   0x0000006e   Code   RO         1924    .text               mf_w.l(fepilogue.o)
    0x0800b0c6   0x000000ba   Code   RO         1926    .text               mf_w.l(depilogue.o)
    0x0800b180   0x00000030   Code   RO         1930    .text               mf_w.l(dfixul.o)
    0x0800b1b0   0x00000024   Code   RO         1932    .text               mc_w.l(init.o)
    0x0800b1d4   0x0000001a   Code   RO         1934    .text               mf_w.l(dfltui.o)
    0x0800b1ee   0x00000056   Code   RO         1944    .text               mc_w.l(__dczerorl2.o)
    0x0800b244   0x00000020   Code   RO         1796    i.__0printf         mc_w.l(printfa.o)
    0x0800b264   0x00000030   Code   RO         1875    i.__ARM_fpclassify  m_wm.l(fpclassify.o)
    0x0800b294   0x00000004   PAD
    0x0800b298   0x000000c8   Code   RO         1518    i.__hardfp_cos      m_wm.l(cos.o)
    0x0800b360   0x000000c8   Code   RO         1536    i.__hardfp_sin      m_wm.l(sin.o)
    0x0800b428   0x00000438   Code   RO         1880    i.__ieee754_rem_pio2  m_wm.l(rred.o)
    0x0800b860   0x00000170   Code   RO         1858    i.__kernel_cos      m_wm.l(cos_i.o)
    0x0800b9d0   0x000000f8   Code   RO         1877    i.__kernel_poly     m_wm.l(poly.o)
    0x0800bac8   0x00000130   Code   RO         1885    i.__kernel_sin      m_wm.l(sin_i.o)
    0x0800bbf8   0x00000014   Code   RO         1862    i.__mathlib_dbl_infnan  m_wm.l(dunder.o)
    0x0800bc0c   0x00000004   PAD
    0x0800bc10   0x00000020   Code   RO         1864    i.__mathlib_dbl_invalid  m_wm.l(dunder.o)
    0x0800bc30   0x00000020   Code   RO         1867    i.__mathlib_dbl_underflow  m_wm.l(dunder.o)
    0x0800bc50   0x0000000e   Code   RO         1938    i.__scatterload_copy  mc_w.l(handlers.o)
    0x0800bc5e   0x00000002   Code   RO         1939    i.__scatterload_null  mc_w.l(handlers.o)
    0x0800bc60   0x0000000e   Code   RO         1940    i.__scatterload_zeroinit  mc_w.l(handlers.o)
    0x0800bc6e   0x00000002   PAD
    0x0800bc70   0x0000000c   Code   RO         1918    i.__set_errno       mc_w.l(errno.o)
    0x0800bc7c   0x00000184   Code   RO         1803    i._fp_digits        mc_w.l(printfa.o)
    0x0800be00   0x000006dc   Code   RO         1804    i._printf_core      mc_w.l(printfa.o)
    0x0800c4dc   0x00000024   Code   RO         1805    i._printf_post_padding  mc_w.l(printfa.o)
    0x0800c500   0x0000002e   Code   RO         1806    i._printf_pre_padding  mc_w.l(printfa.o)
    0x0800c52e   0x00000018   Code   RO         1532    i.fabs              m_wm.l(fabs.o)
    0x0800c546   0x00000002   PAD
    0x0800c548   0x00000030   Data   RO         1859    .constdata          m_wm.l(cos_i.o)
    0x0800c578   0x000000c8   Data   RO         1882    .constdata          m_wm.l(rred.o)
    0x0800c640   0x00000028   Data   RO         1886    .constdata          m_wm.l(sin_i.o)
    0x0800c668   0x00000020   Data   RO         1936    Region$$Table       anon$$obj.o


    Execution Region RW_IRAM1 (Base: 0x20000000, Size: 0x00001518, Max: 0x00020000, ABSOLUTE, COMPRESSED[0x000000d4])

    Base Addr    Size         Type   Attr      Idx    E Section Name        Object

    0x20000000   0x0000000c   Data   RW            4    .data               main.o
    0x2000000c   0x00000002   Data   RW          562    .data               usart1.o
    0x2000000e   0x00000002   PAD
    0x20000010   0x00000042   Data   RW          591    .data               usart3.o
    0x20000052   0x00000010   Data   RW          946    .data               stm32f4xx_rcc.o
    0x20000062   0x00000002   PAD
    0x20000064   0x00000014   Data   RW         1063    .data               system_stm32f4xx.o
    0x20000078   0x000000d0   Data   RW         1113    .data               imu.o
    0x20000148   0x00000001   Data   RW         1192    .data               mpu6050_interrupt.o
    0x20000149   0x00000007   PAD
    0x20000150   0x000001a0   Data   RW         1219    .data               controltask.o
    0x200002f0   0x00000011   Data   RW         1373    .data               remotetask.o
    0x20000301   0x00000003   PAD
    0x20000304   0x00000004   Data   RW         1420    .data               can1bustask.o
    0x20000308   0x00000008   Data   RW         1445    .data               can2bustask.o
    0x20000310   0x00000224   Data   RW         1471    .data               arm_control.o
    0x20000534   0x00000004   Data   RW         1905    .data               mc_w.l(stdout.o)
    0x20000538   0x00000004   Data   RW         1919    .data               mc_w.l(errno.o)
    0x2000053c   0x00000078   Zero   RW          561    .bss                usart1.o
    0x200005b4   0x0000011a   Zero   RW          590    .bss                usart3.o
    0x200006ce   0x00000002   PAD
    0x200006d0   0x00000284   Zero   RW         1218    .bss                controltask.o
    0x20000954   0x0000001f   Zero   RW         1372    .bss                remotetask.o
    0x20000973   0x00000005   PAD
    0x20000978   0x000001a0   Zero   RW         1444    .bss                can2bustask.o
    0x20000b18   0x00000a00   Zero   RW          660    STACK               startup_stm32f4xx.o


==============================================================================

Image component sizes


      Code (inc. data)   RO Data    RW Data    ZI Data      Debug   Object Name

     11972        900          0        548          0      11934   arm_control.o
        40          0          0          0          0     208595   bsp.o
       360         18          0          0          0       1112   can1.o
      1664         32          0          4          0       7305   can1bustask.o
       364         12          0          0          0       1124   can2.o
      2202         42          0          8        416       7079   can2bustask.o
      6792        670          0        416        644     222278   controltask.o
       108          0          0          0          0       1246   delay.o
       260          8          0          0          0        967   exti.o
         0          0          0          0          0      12904   gun.o
         0          0          0        208          0       2178   imu.o
        48          4          0          0          0       2276   led.o
       212         68          0         12          0     275138   main.o
       224         20          0          0          0     211133   misc.o
       164         10          0          1          0       1115   mpu6050_interrupt.o
      2748        262          0         17         31       3874   remotetask.o
        36          8        392          0       2560        872   startup_stm32f4xx.o
      1124         24          0          0          0      24714   stm32f4xx_adc.o
      2544         38          0          0          0      16564   stm32f4xx_can.o
       284         10          0          0          0       4847   stm32f4xx_exti.o
       604         36          0          0          0      10613   stm32f4xx_gpio.o
        24          0          0          0          0       1206   stm32f4xx_it.o
      1416         48          0         16          0      24143   stm32f4xx_rcc.o
       140         12          0          0          0       1747   stm32f4xx_syscfg.o
      3234         60          0          0          0      42912   stm32f4xx_tim.o
      1050         26          0          0          0      13956   stm32f4xx_usart.o
       528         46          0         20          0       2051   system_stm32f4xx.o
       412         12          0          0          0       1737   timer.o
       764         80          0          2        120       1677   usart1.o
      4096        350          0         66        282       8073   usart3.o

    ----------------------------------------------------------------------
     43420       2796        424       1332       4060    1125370   Object Totals
         0          0         32          0          0          0   (incl. Generated)
         6          0          0         14          7          0   (incl. Padding)

    ----------------------------------------------------------------------

      Code (inc. data)   RO Data    RW Data    ZI Data      Debug   Library Member Name

       200         20          0          0          0        164   cos.o
       368         46         48          0          0        200   cos_i.o
        84         16          0          0          0        372   dunder.o
        24          0          0          0          0        124   fabs.o
        48          0          0          0          0        124   fpclassify.o
       248          0          0          0          0        152   poly.o
      1080        142        200          0          0        188   rred.o
       200         20          0          0          0        164   sin.o
       304         24         40          0          0        208   sin_i.o
        86          0          0          0          0          0   __dczerorl2.o
         0          0          0          0          0          0   entry.o
         0          0          0          0          0          0   entry10a.o
         0          0          0          0          0          0   entry11a.o
         8          4          0          0          0          0   entry2.o
         4          0          0          0          0          0   entry5.o
         0          0          0          0          0          0   entry7b.o
         0          0          0          0          0          0   entry8b.o
         8          4          0          0          0          0   entry9a.o
        12          6          0          4          0         68   errno.o
        30          0          0          0          0          0   handlers.o
        36          8          0          0          0         68   init.o
         0          0          0          0          0          0   iusefp.o
        30          0          0          0          0         68   llshl.o
        36          0          0          0          0         68   llsshr.o
        32          0          0          0          0         68   llushr.o
      2258         90          0          0          0        452   printfa.o
         0          0          0          4          0          0   stdout.o
        44          0          0          0          0         80   uidiv.o
        98          0          0          0          0         92   uldiv.o
        48          0          0          0          0         68   cdcmple.o
        48          0          0          0          0         68   cdrcmple.o
        56          0          0          0          0         88   d2f.o
       334          0          0          0          0        148   dadd.o
       222          0          0          0          0        100   ddiv.o
       186          0          0          0          0        176   depilogue.o
        62          0          0          0          0         80   dfixi.o
        48          0          0          0          0         68   dfixul.o
        34          0          0          0          0         76   dflti.o
        26          0          0          0          0         76   dfltui.o
       228          0          0          0          0         96   dmul.o
        38          0          0          0          0         68   f2d.o
       110          0          0          0          0        168   fepilogue.o

    ----------------------------------------------------------------------
      6692        380        288          8          0       3940   Library Totals
        14          0          0          0          0          0   (incl. Padding)

    ----------------------------------------------------------------------

      Code (inc. data)   RO Data    RW Data    ZI Data      Debug   Library Name

      2556        268        288          0          0       1696   m_wm.l
      2682        112          0          8          0        964   mc_w.l
      1440          0          0          0          0       1280   mf_w.l

    ----------------------------------------------------------------------
      6692        380        288          8          0       3940   Library Totals

    ----------------------------------------------------------------------

==============================================================================


      Code (inc. data)   RO Data    RW Data    ZI Data      Debug   

     50112       3176        712       1340       4060    1121850   Grand Totals
     50112       3176        712        212       4060    1121850   ELF Image Totals (compressed)
     50112       3176        712        212          0          0   ROM Totals

==============================================================================

    Total RO  Size (Code + RO Data)                50824 (  49.63kB)
    Total RW  Size (RW Data + ZI Data)              5400 (   5.27kB)
    Total ROM Size (Code + RO Data + RW Data)      51036 (  49.84kB)

==============================================================================

